// Jest Snapshot v1, https://goo.gl/fbAQLP

exports[`registerMediatorCallback throws an error if an error string is passed in 1`] = `"Mediator Registration Failed: Reason ERROR"`;
